
┌──────────────────────────────────────────┐
│        CCE  Elo  Estimator               │
└──────────────────────────────────────────┘

[INFO]  Engine:       /home/zan/Documents/GitHub/CchessEngine---CCE/PrevEngineVersion/engine
[INFO]  Engine:    /home/zan/Documents/GitHub/CchessEngine---CCE/PrevEngineVersion/engine_old
[INFO]  Time control: st=1
[INFO]  Games/match:  100
[INFO]  Log file:     ./eloEstimatorLogs/elo_result_20260912_120726.log

    Game 3/100: Draw  {Draw by 3-fold repetition}
    Game 1/100: Draw  {Draw by 3-fold repetition}
    Game 2/100: Draw  {Draw by 3-fold repetition}
    Game 6/100: Draw  {Draw by 3-fold repetition}
    Game 5/100: CCE_NEW wins  {White mates}
    Game 8/100: Draw  {Draw by 3-fold repetition}
    Game 4/100: CCE_NEW wins  {Black mates}
    Game 10/100: Draw  {Draw by 3-fold repetition}
    Game 7/100: CCE_NEW wins  {White mates}
    Game 12/100: Draw  {Draw by 3-fold repetition}
    Game 9/100: CCE_NEW wins  {White mates}
    Game 14/100: Draw  {Draw by 3-fold repetition}
    Game 11/100: Draw  {Draw by 3-fold repetition}
    Game 16/100: Draw  {Draw by 3-fold repetition}
    Game 13/100: Draw  {Draw by 3-fold repetition}
    Game 15/100: CCE_NEW wins  {White mates}
    Game 18/100: CCE_NEW wins  {Black mates}
    Game 17/100: Draw  {Draw by 3-fold repetition}
    Game 21/100: Draw  {Draw by 3-fold repetition}
    Game 22/100: Draw  {Draw by 3-fold repetition}
    Game 20/100: CCE_NEW wins  {Black mates}
    Game 19/100: CCE_NEW wins  {White mates}
    Game 23/100: Draw  {Draw by insufficient mating material}
    Game 24/100: CCE_OLD wins  {White mates}
    Game 27/100: Draw  {Draw by 3-fold repetition}
    Game 25/100: Draw  {Draw by 3-fold repetition}
    Game 29/100: CCE_OLD wins  {Black mates}
    Game 28/100: CCE_NEW wins  {Black mates}
    Game 26/100: Draw  {Draw by 3-fold repetition}
    Game 32/100: CCE_NEW wins  {Black mates}
    Game 33/100: Draw  {Draw by 3-fold repetition}
    Game 30/100: Draw  {Draw by 3-fold repetition}
    Game 34/100: CCE_OLD wins  {White mates}
    Game 31/100: CCE_NEW wins  {White mates}
    Game 36/100: Draw  {Draw by 3-fold repetition}
    Game 40/100: Draw  {Draw by 3-fold repetition}
    Game 38/100: Draw  {Draw by 3-fold repetition}
    Game 37/100: CCE_OLD wins  {Black mates}
    Game 35/100: CCE_NEW wins  {White mates}
    Game 39/100: CCE_NEW wins  {White mates}
    Game 43/100: Draw  {Draw by 3-fold repetition}
    Game 45/100: Draw  {Draw by 3-fold repetition}
    Game 46/100: Draw  {Draw by 3-fold repetition}
    Game 47/100: CCE_OLD wins  {Black mates}
    Game 44/100: Draw  {Draw by 3-fold repetition}
    Game 41/100: Draw  {Draw by insufficient mating material}
    Game 42/100: CCE_NEW wins  {Black mates}
    Game 48/100: Draw  {Draw by 3-fold repetition}
    Game 50/100: Draw  {Draw by 3-fold repetition}
    Game 52/100: Draw  {Draw by 3-fold repetition}
    Game 49/100: CCE_OLD wins  {Black mates}
    Game 51/100: Draw  {Draw by 3-fold repetition}
    Game 54/100: Draw  {Draw by 3-fold repetition}
    Game 56/100: Draw  {Draw by 3-fold repetition}
    Game 53/100: Draw  {Draw by 3-fold repetition}
    Game 55/100: CCE_NEW wins  {White mates}
    Game 60/100: Draw  {Draw by 3-fold repetition}
    Game 58/100: CCE_OLD wins  {White mates}
    Game 59/100: Draw  {Draw by 3-fold repetition}
    Game 57/100: CCE_NEW wins  {White mates}
    Game 61/100: CCE_NEW wins  {White mates}
    Game 62/100: CCE_OLD wins  {White mates}
    Game 63/100: CCE_NEW wins  {White mates}
    Game 65/100: CCE_OLD wins  {Black mates}
    Game 64/100: Draw  {Draw by insufficient mating material}
    Game 66/100: CCE_NEW wins  {Black mates}
    Game 67/100: Draw  {Draw by 3-fold repetition}
    Game 72/100: Draw  {Draw by 3-fold repetition}
    Game 71/100: Draw  {Draw by 3-fold repetition}
    Game 69/100: CCE_NEW wins  {White mates}
    Game 70/100: CCE_OLD wins  {White mates}
    Game 76/100: Draw  {Draw by 3-fold repetition}
    Game 68/100: Draw  {Draw by 3-fold repetition}
    Game 73/100: CCE_NEW wins  {White mates}
    Game 74/100: CCE_OLD wins  {White mates}
    Game 80/100: Draw  {Draw by 3-fold repetition}
    Game 75/100: CCE_NEW wins  {White mates}
    Game 78/100: CCE_OLD wins  {White mates}
    Game 79/100: Draw  {Draw by 3-fold repetition}
    Game 81/100: Draw  {Draw by 3-fold repetition}
    Game 77/100: Draw  {Draw by 3-fold repetition}
    Game 82/100: Draw  {Draw by 3-fold repetition}
    Game 85/100: CCE_OLD wins  {Black mates}
    Game 87/100: Draw  {Draw by 3-fold repetition}
    Game 83/100: CCE_OLD wins  {Black mates}
    Game 84/100: CCE_NEW wins  {Black mates}
    Game 88/100: CCE_OLD wins  {White mates}
    Game 86/100: CCE_NEW wins  {Black mates}
    Game 89/100: Draw  {Draw by 3-fold repetition}
    Game 91/100: CCE_OLD wins  {Black mates}
    Game 92/100: Draw  {Draw by 3-fold repetition}
    Game 90/100: Draw  {Draw by fifty moves rule}
    Game 94/100: CCE_NEW wins  {Black mates}
    Game 93/100: Draw  {Draw by fifty moves rule}
    Game 96/100: Draw  {Draw by 3-fold repetition}
    Game 95/100: CCE_NEW wins  {White mates}
    Game 98/100: Draw  {Draw by 3-fold repetition}
    Game 100/100: Draw  {Draw by 3-fold repetition}
    Game 99/100: Draw  {Draw by insufficient mating material}
    Game 97/100: CCE_NEW wins  {White mates}


┌──────────────────────────────────────────┐
│              RESULTS                     │
├──────────────────────────────────────────┤
│   : 27 - 16 - 57

Full log saved to: ./eloEstimatorLogs/elo_result_20260912_120726.log
