
┌──────────────────────────────────────────┐
│        CCE  Elo  Estimator               │
└──────────────────────────────────────────┘

[INFO]  Engine:       /home/zan/Documents/GitHub/CCE/bin/engine
[INFO]  Stockfish:    stockfish
[INFO]  Time control: st=1
[INFO]  Games/match:  100
[INFO]  Log file:     ./eloEstimatorLogs/result.log

── Iteration 2000 ──────────────────────────────────
[INFO]  Playing 100 games, please wait...
    Game 9/100: SF2000 wins  {Black mates}
    Game 10/100: CCE wins  {Black mates}
    Game 7/100: CCE wins  {White mates}
    Game 8/100: CCE wins  {Black mates}
    Game 3/100: CCE wins  {White mates}
    Game 5/100: CCE wins  {White mates}
    Game 6/100: CCE wins  {Black mates}
    Game 2/100: SF2000 wins  {White mates}
    Game 12/100: CCE wins  {Black mates}
    Game 11/100: CCE wins  {White mates}
    Game 1/100: SF2000 wins  {Black mates}
    Game 16/100: CCE wins  {Black mates}
    Game 15/100: Draw  {Draw by 3-fold repetition}
    Game 4/100: CCE wins  {Black mates}
    Game 17/100: CCE wins  {White mates}
    Game 20/100: SF2000 wins  {White mates}
    Game 19/100: CCE wins  {White mates}
    Game 13/100: CCE wins  {White mates}
    Game 23/100: CCE wins  {White mates}
    Game 18/100: SF2000 wins  {White mates}
    Game 24/100: SF2000 wins  {White mates}
    Game 21/100: CCE wins  {White mates}
    Game 28/100: Draw  {Draw by 3-fold repetition}
    Game 14/100: SF2000 wins  {White mates}
    Game 25/100: SF2000 wins  {Black mates}
    Game 26/100: CCE wins  {Black mates}
    Game 33/100: CCE wins  {White mates}
    Game 31/100: CCE wins  {White mates}
    Game 29/100: SF2000 wins  {Black mates}
    Game 22/100: SF2000 wins  {White mates}
    Game 35/100: CCE wins  {White mates}
    Game 34/100: SF2000 wins  {White mates}
    Game 37/100: CCE wins  {White mates}
    Game 30/100: Draw  {Draw by insufficient mating material}
    Game 32/100: CCE wins  {Black mates}
    Game 36/100: CCE wins  {Black mates}
    Game 38/100: CCE wins  {Black mates}
    Game 41/100: CCE wins  {White mates}
    Game 39/100: SF2000 wins  {Black mates}
    Game 27/100: SF2000 wins  {Black mates}
    Game 44/100: CCE wins  {Black mates}
    Game 45/100: CCE wins  {White mates}
    Game 50/100: CCE wins  {Black mates}
    Game 43/100: CCE wins  {White mates}
    Game 49/100: CCE wins  {White mates}
    Game 48/100: SF2000 wins  {White mates}
    Game 42/100: Draw  {Draw by 3-fold repetition}
    Game 51/100: CCE wins  {White mates}
    Game 53/100: CCE wins  {White mates}
    Game 52/100: SF2000 wins  {White mates}
    Game 55/100: CCE wins  {White mates}
    Game 59/100: CCE wins  {White mates}
    Game 54/100: SF2000 wins  {White mates}
    Game 61/100: CCE wins  {White mates}
    Game 57/100: CCE wins  {White mates}
    Game 56/100: CCE wins  {Black mates}
    Game 58/100: CCE wins  {Black mates}
    Game 62/100: SF2000 wins  {White mates}
    Game 47/100: SF2000 wins  {Black mates}
    Game 64/100: CCE wins  {Black mates}
    Game 46/100: SF2000 wins  {White mates}
    Game 40/100: Draw  {Draw by fifty moves rule}
    Game 67/100: CCE wins  {White mates}
    Game 60/100: Draw  {Draw by 3-fold repetition}
    Game 65/100: CCE wins  {White mates}
    Game 63/100: CCE wins  {White mates}
    Game 66/100: SF2000 wins  {White mates}
    Game 69/100: CCE wins  {White mates}
    Game 73/100: SF2000 wins  {Black mates}
    Game 70/100: CCE wins  {Black mates}
    Game 68/100: CCE wins  {Black mates}
    Game 72/100: SF2000 wins  {White mates}
    Game 71/100: CCE wins  {White mates}
    Game 80/100: SF2000 wins  {White mates}
    Game 81/100: CCE wins  {White mates}
    Game 83/100: CCE wins  {White mates}
    Game 78/100: CCE wins  {Black mates}
    Game 76/100: SF2000 wins  {White mates}
    Game 74/100: SF2000 wins  {White mates}
    Game 84/100: CCE wins  {Black mates}
    Game 85/100: CCE wins  {White mates}
    Game 87/100: SF2000 wins  {Black mates}
    Game 75/100: SF2000 wins  {Black mates}
    Game 77/100: SF2000 wins  {Black mates}
    Game 86/100: CCE wins  {Black mates}
    Game 88/100: CCE wins  {Black mates}
    Game 79/100: SF2000 wins  {Black mates}
    Game 89/100: SF2000 wins  {Black mates}
    Game 90/100: CCE wins  {Black mates}
    Game 91/100: CCE wins  {White mates}
    Game 98/100: SF2000 wins  {White mates}
    Game 92/100: SF2000 wins  {White mates}
    Game 82/100: SF2000 wins  {White mates}
    Game 97/100: CCE wins  {White mates}
    Game 99/100: CCE wins  {White mates}
    Game 94/100: CCE wins  {Black mates}
    Game 96/100: SF2000 wins  {White mates}
    Game 100/100: CCE wins  {Black mates}
    Game 95/100: Draw  {Draw by 3-fold repetition}
    Game 93/100: CCE wins  {White mates}

── Iteration 2000 Finished ─────────────────────────
    Wins:   59
    Draws:  34
    Losses: 7
    Score:  62.5%


── Iteration 2100 ──────────────────────────────────
[INFO]  Playing 100 games, please wait...
    Game 6/100: SF2100 wins  {White mates}
    Game 10/100: CCE wins  {Black mates}
    Game 9/100: CCE wins  {White mates}
    Game 7/100: CCE wins  {White mates}
    Game 11/100: SF2100 wins  {Black mates}
    Game 8/100: CCE wins  {Black mates}
    Game 3/100: SF2100 wins  {Black mates}
    Game 1/100: Draw  {Draw by 3-fold repetition}
    Game 5/100: CCE wins  {White mates}
    Game 12/100: CCE wins  {Black mates}
    Game 4/100: CCE wins  {Black mates}
    Game 16/100: CCE wins  {Black mates}
    Game 14/100: CCE wins  {Black mates}
    Game 2/100: CCE wins  {Black mates}
    Game 18/100: SF2100 wins  {White mates}
    Game 13/100: CCE wins  {White mates}
    Game 26/100: SF2100 wins  {White mates}
    Game 24/100: CCE wins  {Black mates}
    Game 19/100: CCE wins  {White mates}
    Game 21/100: SF2100 wins  {Black mates}
    Game 23/100: Draw  {Draw by 3-fold repetition}
    Game 25/100: CCE wins  {White mates}
    Game 15/100: SF2100 wins  {Black mates}
    Game 17/100: Draw  {Draw by 3-fold repetition}
    Game 27/100: CCE wins  {White mates}
    Game 20/100: SF2100 wins  {White mates}
    Game 31/100: SF2100 wins  {Black mates}
    Game 22/100: SF2100 wins  {White mates}
    Game 32/100: CCE wins  {Black mates}
    Game 33/100: CCE wins  {White mates}
    Game 28/100: SF2100 wins  {White mates}
    Game 29/100: CCE wins  {White mates}
    Game 30/100: SF2100 wins  {White mates}
    Game 37/100: SF2100 wins  {Black mates}
    Game 36/100: SF2100 wins  {White mates}
    Game 44/100: SF2100 wins  {White mates}
    Game 34/100: SF2100 wins  {White mates}
    Game 40/100: CCE wins  {Black mates}
    Game 43/100: SF2100 wins  {Black mates}
    Game 35/100: SF2100 wins  {Black mates}
    Game 42/100: CCE wins  {Black mates}
    Game 47/100: SF2100 wins  {Black mates}
    Game 48/100: SF2100 wins  {White mates}
    Game 46/100: CCE wins  {Black mates}
    Game 50/100: SF2100 wins  {White mates}
    Game 49/100: CCE wins  {White mates}
    Game 41/100: SF2100 wins  {Black mates}
    Game 54/100: CCE wins  {Black mates}
    Game 51/100: CCE wins  {White mates}
    Game 52/100: SF2100 wins  {White mates}
    Game 53/100: CCE wins  {White mates}
    Game 59/100: CCE wins  {White mates}
    Game 57/100: CCE wins  {White mates}
    Game 38/100: Draw  {Draw by 3-fold repetition}
    Game 39/100: SF2100 wins  {Black mates}
    Game 56/100: Draw  {Draw by 3-fold repetition}
    Game 58/100: CCE wins  {Black mates}
    Game 62/100: CCE wins  {Black mates}
    Game 64/100: CCE wins  {Black mates}
    Game 55/100: SF2100 wins  {Black mates}
    Game 66/100: CCE wins  {Black mates}
    Game 67/100: SF2100 wins  {Black mates}
    Game 63/100: SF2100 wins  {Black mates}
    Game 68/100: SF2100 wins  {White mates}
    Game 69/100: SF2100 wins  {Black mates}
    Game 71/100: CCE wins  {White mates}
    Game 70/100: Draw  {Draw by 3-fold repetition}
    Game 60/100: SF2100 wins  {White mates}
    Game 45/100: Draw  {Draw by fifty moves rule}
    Game 65/100: SF2100 wins  {Black mates}
    Game 79/100: CCE wins  {White mates}
    Game 76/100: CCE wins  {Black mates}
    Game 72/100: SF2100 wins  {White mates}
    Game 61/100: SF2100 wins  {Black mates}
    Game 77/100: CCE wins  {White mates}
    Game 73/100: Draw  {Draw by insufficient mating material}
    Game 74/100: SF2100 wins  {White mates}
    Game 83/100: CCE wins  {White mates}
    Game 82/100: SF2100 wins  {White mates}
    Game 87/100: CCE wins  {White mates}
    Game 81/100: SF2100 wins  {Black mates}
    Game 80/100: CCE wins  {Black mates}
    Game 88/100: SF2100 wins  {White mates}
    Game 85/100: CCE wins  {White mates}
    Game 75/100: SF2100 wins  {Black mates}
    Game 93/100: CCE wins  {White mates}
    Game 89/100: CCE wins  {White mates}
    Game 90/100: SF2100 wins  {White mates}
    Game 91/100: CCE wins  {White mates}
    Game 78/100: Draw  {Draw by 3-fold repetition}
    Game 86/100: SF2100 wins  {White mates}
    Game 95/100: CCE wins  {White mates}
    Game 96/100: CCE wins  {Black mates}
    Game 92/100: CCE wins  {Black mates}
    Game 84/100: SF2100 wins  {White mates}
    Game 97/100: Draw  {Draw by 3-fold repetition}
    Game 100/100: CCE wins  {Black mates}
    Game 94/100: SF2100 wins  {White mates}
    Game 98/100: SF2100 wins  {White mates}
    Game 99/100: SF2100 wins  {Black mates}

── Iteration 2100 Finished ─────────────────────────
    Wins:   46
    Draws:  44
    Losses: 10
    Score:  51.0%


── Iteration 2200 ──────────────────────────────────
[INFO]  Playing 100 games, please wait...
    Game 10/100: Draw  {Draw by 3-fold repetition}
    Game 9/100: CCE wins  {White mates}
    Game 8/100: CCE wins  {Black mates}
    Game 5/100: SF2200 wins  {Black mates}
    Game 3/100: SF2200 wins  {Black mates}
    Game 4/100: SF2200 wins  {White mates}
    Game 11/100: SF2200 wins  {Black mates}
    Game 7/100: CCE wins  {White mates}
    Game 12/100: CCE wins  {Black mates}
    Game 6/100: SF2200 wins  {White mates}
    Game 14/100: SF2200 wins  {White mates}
    Game 2/100: SF2200 wins  {White mates}
    Game 18/100: SF2200 wins  {White mates}
    Game 16/100: SF2200 wins  {White mates}
    Game 17/100: CCE wins  {White mates}
    Game 19/100: CCE wins  {White mates}
    Game 13/100: CCE wins  {White mates}
    Game 1/100: SF2200 wins  {Black mates}
    Game 21/100: SF2200 wins  {Black mates}
    Game 23/100: CCE wins  {White mates}
    Game 15/100: SF2200 wins  {Black mates}
    Game 22/100: CCE wins  {Black mates}
    Game 24/100: SF2200 wins  {White mates}
    Game 27/100: CCE wins  {White mates}
    Game 26/100: SF2200 wins  {White mates}
    Game 30/100: SF2200 wins  {White mates}
    Game 32/100: CCE wins  {Black mates}
    Game 33/100: CCE wins  {White mates}
    Game 31/100: SF2200 wins  {Black mates}
    Game 20/100: SF2200 wins  {White mates}
    Game 35/100: SF2200 wins  {Black mates}
    Game 29/100: CCE wins  {White mates}
    Game 38/100: SF2200 wins  {White mates}
    Game 36/100: SF2200 wins  {White mates}
    Game 28/100: CCE wins  {Black mates}
    Game 39/100: SF2200 wins  {Black mates}
    Game 42/100: SF2200 wins  {White mates}
    Game 25/100: SF2200 wins  {Black mates}
    Game 44/100: Draw  {Draw by 3-fold repetition}
    Game 45/100: CCE wins  {White mates}
    Game 46/100: SF2200 wins  {White mates}
    Game 41/100: CCE wins  {White mates}
    Game 34/100: SF2200 wins  {White mates}
    Game 48/100: SF2200 wins  {White mates}
    Game 51/100: CCE wins  {White mates}
    Game 49/100: SF2200 wins  {Black mates}
    Game 43/100: SF2200 wins  {Black mates}
    Game 53/100: CCE wins  {White mates}
    Game 47/100: SF2200 wins  {Black mates}
    Game 50/100: SF2200 wins  {White mates}
    Game 55/100: SF2200 wins  {Black mates}
    Game 54/100: Draw  {Draw by 3-fold repetition}
    Game 60/100: SF2200 wins  {White mates}
    Game 59/100: Draw  {Draw by 3-fold repetition}
    Game 63/100: SF2200 wins  {Black mates}
    Game 37/100: Draw  {Draw by fifty moves rule}
    Game 57/100: SF2200 wins  {Black mates}
    Game 64/100: SF2200 wins  {White mates}
    Game 40/100: SF2200 wins  {White mates}
    Game 65/100: CCE wins  {White mates}
    Game 66/100: CCE wins  {Black mates}
    Game 56/100: Draw  {Draw by fifty moves rule}
    Game 68/100: CCE wins  {Black mates}
    Game 58/100: SF2200 wins  {White mates}
    Game 72/100: CCE wins  {Black mates}
    Game 52/100: Draw  {Draw by 3-fold repetition}
    Game 61/100: SF2200 wins  {Black mates}
    Game 71/100: CCE wins  {White mates}
    Game 70/100: Draw  {Draw by 3-fold repetition}
    Game 69/100: SF2200 wins  {Black mates}
    Game 62/100: SF2200 wins  {White mates}
    Game 79/100: CCE wins  {White mates}
    Game 78/100: SF2200 wins  {White mates}
    Game 80/100: CCE wins  {Black mates}
    Game 74/100: SF2200 wins  {White mates}
    Game 75/100: SF2200 wins  {Black mates}
    Game 77/100: CCE wins  {White mates}
    Game 85/100: SF2200 wins  {Black mates}
    Game 82/100: CCE wins  {Black mates}
    Game 73/100: SF2200 wins  {Black mates}
    Game 86/100: SF2200 wins  {White mates}
    Game 76/100: CCE wins  {Black mates}
    Game 67/100: SF2200 wins  {Black mates}
    Game 83/100: SF2200 wins  {Black mates}
    Game 84/100: SF2200 wins  {White mates}
    Game 88/100: SF2200 wins  {White mates}
    Game 81/100: SF2200 wins  {Black mates}
    Game 92/100: SF2200 wins  {White mates}
    Game 87/100: SF2200 wins  {Black mates}
    Game 95/100: CCE wins  {White mates}
    Game 96/100: SF2200 wins  {White mates}
    Game 97/100: SF2200 wins  {Black mates}
    Game 98/100: SF2200 wins  {White mates}
    Game 94/100: CCE wins  {Black mates}
    Game 91/100: SF2200 wins  {Black mates}
    Game 99/100: CCE wins  {White mates}
    Game 90/100: Draw  {Draw by 3-fold repetition}
    Game 93/100: SF2200 wins  {Black mates}
    Game 100/100: SF2200 wins  {White mates}
    Game 89/100: SF2200 wins  {Black mates}

── Iteration 2200 Finished ─────────────────────────
    Wins:   31
    Draws:  60
    Losses: 9
    Score:  35.5%


── Iteration 2300 ──────────────────────────────────
[INFO]  Playing 100 games, please wait...
    Game 9/100: CCE wins  {White mates}
    Game 7/100: CCE wins  {White mates}
    Game 10/100: CCE wins  {Black mates}
    Game 4/100: SF2300 wins  {White mates}
    Game 12/100: SF2300 wins  {White mates}
    Game 2/100: CCE wins  {Black mates}
    Game 6/100: CCE wins  {Black mates}
    Game 8/100: CCE wins  {Black mates}
    Game 5/100: CCE wins  {White mates}
    Game 3/100: SF2300 wins  {Black mates}
    Game 1/100: SF2300 wins  {Black mates}
    Game 14/100: CCE wins  {Black mates}
    Game 18/100: SF2300 wins  {White mates}
    Game 11/100: SF2300 wins  {Black mates}
    Game 21/100: CCE wins  {White mates}
    Game 20/100: CCE wins  {Black mates}
    Game 19/100: CCE wins  {White mates}
    Game 15/100: CCE wins  {White mates}
    Game 22/100: SF2300 wins  {White mates}
    Game 13/100: SF2300 wins  {Black mates}
    Game 25/100: CCE wins  {White mates}
    Game 16/100: CCE wins  {Black mates}
    Game 23/100: CCE wins  {White mates}
    Game 17/100: Draw  {Draw by insufficient mating material}
    Game 28/100: SF2300 wins  {White mates}
    Game 30/100: CCE wins  {Black mates}
    Game 26/100: SF2300 wins  {White mates}
    Game 31/100: CCE wins  {White mates}
    Game 32/100: SF2300 wins  {White mates}
    Game 29/100: CCE wins  {White mates}
    Game 36/100: CCE wins  {Black mates}
    Game 24/100: SF2300 wins  {White mates}
    Game 39/100: CCE wins  {White mates}
    Game 27/100: SF2300 wins  {Black mates}
    Game 44/100: SF2300 wins  {White mates}
    Game 34/100: Draw  {Draw by insufficient mating material}
    Game 42/100: CCE wins  {Black mates}
    Game 40/100: CCE wins  {Black mates}
    Game 43/100: CCE wins  {White mates}
    Game 47/100: SF2300 wins  {Black mates}
    Game 35/100: SF2300 wins  {Black mates}
    Game 46/100: CCE wins  {Black mates}
    Game 41/100: SF2300 wins  {Black mates}
    Game 48/100: CCE wins  {Black mates}
    Game 50/100: CCE wins  {Black mates}
    Game 37/100: SF2300 wins  {Black mates}
    Game 33/100: SF2300 wins  {Black mates}
    Game 38/100: Draw  {Draw by 3-fold repetition}
    Game 49/100: SF2300 wins  {Black mates}
    Game 45/100: SF2300 wins  {Black mates}
    Game 54/100: CCE wins  {Black mates}
    Game 58/100: SF2300 wins  {White mates}
    Game 53/100: SF2300 wins  {Black mates}
    Game 51/100: CCE wins  {White mates}
    Game 55/100: SF2300 wins  {Black mates}
    Game 52/100: SF2300 wins  {White mates}
    Game 59/100: CCE wins  {White mates}
    Game 56/100: SF2300 wins  {White mates}
    Game 60/100: CCE wins  {Black mates}
    Game 57/100: SF2300 wins  {Black mates}
    Game 65/100: SF2300 wins  {Black mates}
    Game 62/100: SF2300 wins  {White mates}
    Game 64/100: CCE wins  {Black mates}
    Game 69/100: Draw  {Draw by 3-fold repetition}
    Game 67/100: SF2300 wins  {Black mates}
    Game 61/100: SF2300 wins  {Black mates}
    Game 73/100: CCE wins  {White mates}
    Game 70/100: CCE wins  {Black mates}
    Game 66/100: CCE wins  {Black mates}
    Game 63/100: SF2300 wins  {Black mates}
    Game 75/100: CCE wins  {White mates}
    Game 72/100: SF2300 wins  {White mates}
    Game 78/100: CCE wins  {Black mates}
    Game 76/100: CCE wins  {Black mates}
    Game 80/100: CCE wins  {Black mates}
    Game 74/100: SF2300 wins  {White mates}
    Game 77/100: CCE wins  {White mates}
    Game 68/100: Draw  {Draw by fifty moves rule}
    Game 86/100: SF2300 wins  {White mates}
    Game 81/100: CCE wins  {White mates}
    Game 71/100: Draw  {Draw by fifty moves rule}
    Game 83/100: CCE wins  {White mates}
    Game 87/100: CCE wins  {White mates}
    Game 82/100: SF2300 wins  {White mates}
    Game 92/100: SF2300 wins  {White mates}
    Game 88/100: SF2300 wins  {White mates}
    Game 85/100: SF2300 wins  {Black mates}
    Game 90/100: CCE wins  {Black mates}
    Game 89/100: CCE wins  {White mates}
    Game 91/100: SF2300 wins  {Black mates}
    Game 93/100: CCE wins  {White mates}
    Game 96/100: CCE wins  {Black mates}
    Game 100/100: Draw  {Draw by 3-fold repetition}
    Game 84/100: Draw  {Draw by 3-fold repetition}
    Game 94/100: CCE wins  {Black mates}
    Game 98/100: SF2300 wins  {White mates}
    Game 95/100: SF2300 wins  {Black mates}
    Game 79/100: SF2300 wins  {Black mates}
    Game 97/100: CCE wins  {White mates}
    Game 99/100: SF2300 wins  {Black mates}

── Iteration 2300 Finished ─────────────────────────
    Wins:   48
    Draws:  44
    Losses: 8
    Score:  52.0%


── Iteration 2400 ──────────────────────────────────
[INFO]  Playing 100 games, please wait...
    Game 3/100: SF2400 wins  {Black mates}
    Game 1/100: SF2400 wins  {Black mates}
    Game 4/100: SF2400 wins  {White mates}
    Game 9/100: CCE wins  {White mates}
    Game 10/100: CCE wins  {Black mates}
    Game 6/100: SF2400 wins  {White mates}
    Game 5/100: CCE wins  {White mates}
    Game 2/100: CCE wins  {Black mates}
    Game 13/100: CCE wins  {White mates}
    Game 11/100: Draw  {Draw by 3-fold repetition}
    Game 14/100: SF2400 wins  {White mates}
    Game 7/100: SF2400 wins  {Black mates}
    Game 16/100: Draw  {Draw by 3-fold repetition}
    Game 8/100: CCE wins  {Black mates}
    Game 12/100: SF2400 wins  {White mates}
    Game 18/100: CCE wins  {Black mates}
    Game 19/100: SF2400 wins  {Black mates}
    Game 21/100: CCE wins  {White mates}
    Game 22/100: SF2400 wins  {White mates}
    Game 15/100: CCE wins  {White mates}
    Game 20/100: CCE wins  {Black mates}
    Game 23/100: SF2400 wins  {Black mates}
    Game 27/100: Draw  {Draw by 3-fold repetition}
    Game 17/100: CCE wins  {White mates}
    Game 28/100: SF2400 wins  {White mates}
    Game 30/100: SF2400 wins  {White mates}
    Game 25/100: SF2400 wins  {Black mates}
    Game 32/100: SF2400 wins  {White mates}
    Game 31/100: SF2400 wins  {Black mates}
    Game 35/100: CCE wins  {White mates}
    Game 24/100: SF2400 wins  {White mates}
    Game 26/100: SF2400 wins  {White mates}
    Game 41/100: SF2400 wins  {Black mates}
    Game 36/100: CCE wins  {Black mates}
    Game 33/100: CCE wins  {White mates}
    Game 37/100: SF2400 wins  {Black mates}
    Game 40/100: SF2400 wins  {White mates}
    Game 29/100: Draw  {Draw by 3-fold repetition}
    Game 43/100: SF2400 wins  {Black mates}
    Game 39/100: SF2400 wins  {Black mates}
    Game 44/100: CCE wins  {Black mates}
    Game 38/100: Draw  {Draw by insufficient mating material}
    Game 45/100: SF2400 wins  {Black mates}
    Game 46/100: SF2400 wins  {White mates}
    Game 42/100: CCE wins  {Black mates}
    Game 49/100: SF2400 wins  {Black mates}
    Game 47/100: SF2400 wins  {Black mates}
    Game 52/100: CCE wins  {Black mates}
    Game 48/100: SF2400 wins  {White mates}
    Game 50/100: SF2400 wins  {White mates}
    Game 34/100: Draw  {Draw by fifty moves rule}
    Game 54/100: Draw  {Draw by 3-fold repetition}
    Game 57/100: SF2400 wins  {Black mates}
    Game 53/100: SF2400 wins  {Black mates}
    Game 61/100: SF2400 wins  {Black mates}
    Game 55/100: CCE wins  {White mates}
    Game 56/100: SF2400 wins  {White mates}
    Game 60/100: CCE wins  {Black mates}
    Game 58/100: CCE wins  {Black mates}
    Game 63/100: SF2400 wins  {Black mates}
    Game 64/100: SF2400 wins  {White mates}
    Game 59/100: CCE wins  {White mates}
    Game 51/100: Draw  {Draw by 3-fold repetition}
    Game 67/100: CCE wins  {White mates}
    Game 65/100: SF2400 wins  {Black mates}
    Game 69/100: SF2400 wins  {Black mates}
    Game 68/100: SF2400 wins  {White mates}
    Game 62/100: SF2400 wins  {White mates}
    Game 74/100: CCE wins  {Black mates}
    Game 75/100: SF2400 wins  {Black mates}
    Game 66/100: SF2400 wins  {White mates}
    Game 71/100: Draw  {Draw by 3-fold repetition}
    Game 70/100: SF2400 wins  {White mates}
    Game 73/100: CCE wins  {White mates}
    Game 77/100: Draw  {Draw by 3-fold repetition}
    Game 82/100: CCE wins  {Black mates}
    Game 80/100: CCE wins  {Black mates}
    Game 76/100: Draw  {Draw by 3-fold repetition}
    Game 72/100: SF2400 wins  {White mates}
    Game 78/100: SF2400 wins  {White mates}
    Game 84/100: CCE wins  {Black mates}
    Game 86/100: SF2400 wins  {White mates}
    Game 85/100: CCE wins  {White mates}
    Game 87/100: CCE wins  {White mates}
    Game 83/100: SF2400 wins  {Black mates}
    Game 81/100: CCE wins  {White mates}
    Game 79/100: SF2400 wins  {Black mates}
    Game 94/100: CCE wins  {Black mates}
    Game 89/100: SF2400 wins  {Black mates}
    Game 92/100: SF2400 wins  {White mates}
    Game 88/100: SF2400 wins  {White mates}
    Game 96/100: CCE wins  {Black mates}
    Game 98/100: SF2400 wins  {White mates}
    Game 93/100: SF2400 wins  {Black mates}
    Game 91/100: SF2400 wins  {Black mates}
    Game 95/100: CCE wins  {White mates}
    Game 100/100: SF2400 wins  {White mates}
    Game 97/100: SF2400 wins  {Black mates}
    Game 99/100: CCE wins  {White mates}
    Game 90/100: SF2400 wins  {White mates}

── Iteration 2400 Finished ─────────────────────────
    Wins:   34
    Draws:  55
    Losses: 11
    Score:  39.5%


── Iteration 2500 ──────────────────────────────────
[INFO]  Playing 100 games, please wait...
    Game 7/100: SF2500 wins  {Black mates}
    Game 5/100: SF2500 wins  {Black mates}
    Game 4/100: SF2500 wins  {White mates}
    Game 8/100: CCE wins  {Black mates}
    Game 2/100: SF2500 wins  {White mates}
    Game 3/100: SF2500 wins  {Black mates}
    Game 1/100: SF2500 wins  {Black mates}
    Game 12/100: CCE wins  {Black mates}
    Game 13/100: SF2500 wins  {Black mates}
    Game 6/100: Draw  {Draw by 3-fold repetition}
    Game 9/100: SF2500 wins  {Black mates}
    Game 14/100: SF2500 wins  {White mates}
    Game 16/100: SF2500 wins  {White mates}
    Game 15/100: CCE wins  {White mates}
    Game 21/100: SF2500 wins  {Black mates}
    Game 19/100: SF2500 wins  {Black mates}
    Game 17/100: SF2500 wins  {Black mates}
    Game 11/100: SF2500 wins  {Black mates}
    Game 18/100: SF2500 wins  {White mates}
    Game 25/100: CCE wins  {White mates}
    Game 10/100: Draw  {Draw by fifty moves rule}
    Game 24/100: SF2500 wins  {White mates}
    Game 28/100: SF2500 wins  {White mates}
    Game 23/100: SF2500 wins  {Black mates}
    Game 20/100: CCE wins  {Black mates}
    Game 22/100: SF2500 wins  {White mates}
    Game 32/100: SF2500 wins  {White mates}
    Game 36/100: SF2500 wins  {White mates}
    Game 29/100: Draw  {Draw by 3-fold repetition}
    Game 30/100: SF2500 wins  {White mates}
    Game 27/100: SF2500 wins  {Black mates}
    Game 26/100: SF2500 wins  {White mates}
    Game 33/100: SF2500 wins  {Black mates}
    Game 31/100: Draw  {Draw by 3-fold repetition}
    Game 35/100: CCE wins  {White mates}
    Game 40/100: SF2500 wins  {White mates}
    Game 37/100: SF2500 wins  {Black mates}
    Game 39/100: CCE wins  {White mates}
    Game 45/100: CCE wins  {White mates}
    Game 44/100: SF2500 wins  {White mates}
    Game 34/100: SF2500 wins  {White mates}
    Game 48/100: SF2500 wins  {White mates}
    Game 47/100: CCE wins  {White mates}
    Game 42/100: SF2500 wins  {White mates}
    Game 41/100: SF2500 wins  {Black mates}
    Game 54/100: Draw  {Draw by 3-fold repetition}
    Game 38/100: SF2500 wins  {White mates}
    Game 52/100: Draw  {Draw by 3-fold repetition}
    Game 51/100: SF2500 wins  {Black mates}
    Game 49/100: CCE wins  {White mates}
    Game 53/100: Draw  {Draw by 3-fold repetition}
    Game 50/100: SF2500 wins  {White mates}
    Game 46/100: Draw  {Draw by 3-fold repetition}
    Game 43/100: Draw  {Draw by 3-fold repetition}
    Game 59/100: SF2500 wins  {Black mates}
    Game 60/100: SF2500 wins  {White mates}
    Game 65/100: SF2500 wins  {Black mates}
    Game 56/100: SF2500 wins  {White mates}
    Game 63/100: SF2500 wins  {Black mates}
    Game 64/100: Draw  {Draw by 3-fold repetition}
    Game 58/100: SF2500 wins  {White mates}
    Game 55/100: SF2500 wins  {Black mates}
    Game 69/100: CCE wins  {White mates}
    Game 57/100: Draw  {Draw by 3-fold repetition}
    Game 67/100: Draw  {Draw by 3-fold repetition}
    Game 62/100: Draw  {Draw by 3-fold repetition}
    Game 74/100: SF2500 wins  {White mates}
    Game 61/100: SF2500 wins  {Black mates}
    Game 76/100: SF2500 wins  {White mates}
    Game 66/100: SF2500 wins  {White mates}
    Game 72/100: CCE wins  {Black mates}
    Game 73/100: CCE wins  {White mates}
    Game 68/100: Draw  {Draw by 3-fold repetition}
    Game 71/100: CCE wins  {White mates}
    Game 78/100: SF2500 wins  {White mates}
    Game 80/100: Draw  {Draw by 3-fold repetition}
    Game 82/100: CCE wins  {Black mates}
    Game 81/100: SF2500 wins  {Black mates}
    Game 75/100: SF2500 wins  {Black mates}
    Game 87/100: SF2500 wins  {Black mates}
    Game 77/100: SF2500 wins  {Black mates}
    Game 89/100: Draw  {Draw by 3-fold repetition}
    Game 79/100: CCE wins  {White mates}
    Game 70/100: SF2500 wins  {White mates}
    Game 85/100: CCE wins  {White mates}
    Game 91/100: SF2500 wins  {Black mates}
    Game 90/100: CCE wins  {Black mates}
    Game 86/100: SF2500 wins  {White mates}
    Game 83/100: CCE wins  {White mates}
    Game 84/100: CCE wins  {Black mates}
    Game 92/100: SF2500 wins  {White mates}
    Game 88/100: CCE wins  {Black mates}
    Game 93/100: Draw  {Draw by 3-fold repetition}
    Game 97/100: CCE wins  {White mates}
    Game 100/100: Draw  {Draw by 3-fold repetition}
    Game 95/100: SF2500 wins  {Black mates}
    Game 94/100: Draw  {Draw by fifty moves rule}
    Game 96/100: CCE wins  {Black mates}
    Game 98/100: SF2500 wins  {White mates}
    Game 99/100: Draw  {Draw by 3-fold repetition}

── Iteration 2500 Finished ─────────────────────────
    Wins:   23
    Draws:  57
    Losses: 20
    Score:  33.0%



┌──────────────────────────────────────────┐
│              RESULTS                     │
├──────────────────────────────────────────┤
│  SF 2000 : W 59  D 34  L 7  [62.5%]
│  SF 2100 : W 46  D 44  L 10  [51.0%]
│  SF 2200 : W 31  D 60  L 9  [35.5%]
│  SF 2300 : W 48  D 44  L 8  [52.0%]
│  SF 2400 : W 34  D 55  L 11  [39.5%]
│  SF 2500 : W 23  D 57  L 20  [33.0%]

Full log saved to: ./eloEstimatorLogs/result.log
